// Vitest Snapshot v1, https://vitest.dev/guide/snapshot.html

exports[`modal > base 1`] = `<!--teleport start-->`;
