// Vitest Snapshot v1, https://vitest.dev/guide/snapshot.html

exports[`home > base 1`] = `
<main>
  <div
    class="main-button-set"
  >
    <button
      class="add"
    >
      Add
    </button>
    <button
      class="logout"
    >
      Logout
    </button>
  </div>
  <div
    class="employee-deck"
  >
    
    
  </div>
  <!--v-if-->
  <!--v-if-->
  <!--v-if-->
</main>
`;
